b:e
c:f
a:c
_myPrivateProperty:b
aa:d
MY_CONST:a
myPublicMethod:g
myPublicProperty:h
