_myPrivateProperty:b
aa:c
MY_CONST:a
myPublicMethod:d
myPublicProperty:e
